<html>
<body>
<pre>
<h1>µVision Build Log</h1>
<h2>Project:</h2>
C:\Keil\Labware\Lab5_FunctionsInC\Lab5.uvproj
Project File Date:  02/12/2015

<h2>Output:</h2>
Rebuild target 'FunctionsInC'
assembling startup.s...
compiling UART.c...
compiling main.cpp...
compiling Lab5.cpp...
compiling GraderSerialIO.cpp...
compiling LaunchPad.cpp...
linking...
Program Size: Code=16760 RO-data=2352 RW-data=176 ZI-data=1696  
".\FunctionsInC.axf" - 0 Error(s), 0 Warning(s).
Load "C:\\Keil\\Labware\\Lab5_FunctionsInC\\FunctionsInC.axf" 
Connecting: Mode=JTAG, Speed=1000000Hz
Connection failed!, error code=&d
Error: Flash Download failed  -  Target DLL has been cancelled
Load "C:\\Keil\\Labware\\Lab5_FunctionsInC\\FunctionsInC.axf" 
Connecting: Mode=JTAG, Speed=1000000Hz
Erase Done.
Programming Done.
Verify OK.
</pre>
</body>
</html>
