<html>
<body>
<pre>
<h1>µVision Build Log</h1>
<h2>Project:</h2>
C:\Keil\Nokia5110_4C123\Nokia5110.uvproj
Project File Date:  02/06/2015

<h2>Output:</h2>
Build target 'Nokia5110'
linking...
Program Size: Code=2332 RO-data=2016 RW-data=0 ZI-data=1120  
".\Nokia5110.axf" - 0 Error(s), 0 Warning(s).
Load "C:\\Keil\\Nokia5110_4C123\\Nokia5110.axf" 
Connecting: Mode=JTAG, Speed=1000000Hz
Erase Done.
Programming Done.
Verify OK.
.
Programming Done.
Verify OK.
or(s), 1 Warning(s).
Target not created
ogramming Done.
Verify OK.
