<html>
<body>
<pre>
<h1>µVision Build Log</h1>
<h2>Project:</h2>
C:\Keil\Labware\Lab5_FunctionsInC\Lab5.uvproj
Project File Date:  02/05/2015

<h2>Output:</h2>
Build target 'FunctionsInC'
compiling main.cpp...
linking...
Program Size: Code=16724 RO-data=2352 RW-data=176 ZI-data=1696  
".\FunctionsInC.axf" - 0 Error(s), 0 Warning(s).
</pre>
</body>
</html>
e: Code=6464 RO-data=912 RW-data=56 ZI-data=1656  
".\FunctionsInC.axf" - 0 Error(s), 1 Warning(s).
Load "C:\\Keil\\Labware\\Lab5_FunctionsInC\\FunctionsInC.axf" 
Connecting: Mode=JTAG, Speed=1000000Hz
Erase Done.
Programming Done.
Verify OK.
Load "C:\\Keil\\Labware\\Lab5_FunctionsInC\\FunctionsInC.axf" 
Connecting: Mode=JTAG, Speed=1000000Hz
Erase Done.
Programming Done.
Verify OK.
Labware\\Lab5_FunctionsInC\\FunctionsInC.axf" 
Connecting: Mode=JTAG, Speed=1000000Hz
Erase Done.
Programming Done.
Verify OK.
